
*****************************************
Setting OMP_NUM_THREADS environment variable for each process to be 1 in default, to avoid your system being overloaded, please further tune the variable for optimal performance in your application as needed. 
*****************************************
/home/cvlab12/anaconda3/envs/lumina_dimoo/bin/python: can't open file '/mnt/data1/jiwon/Lumina-DiMOO/train/train_character_profile.py': [Errno 2] No such file or directory
/home/cvlab12/anaconda3/envs/lumina_dimoo/bin/python: can't open file '/mnt/data1/jiwon/Lumina-DiMOO/train/train_character_profile.py': [Errno 2] No such file or directory
E0227 03:01:31.858000 2572038 site-packages/torch/distributed/elastic/multiprocessing/api.py:882] failed (exitcode: 2) local_rank: 0 (pid: 2573443) of binary: /home/cvlab12/anaconda3/envs/lumina_dimoo/bin/python
Traceback (most recent call last):
  File "/home/cvlab12/anaconda3/envs/lumina_dimoo/lib/python3.10/runpy.py", line 196, in _run_module_as_main
    return _run_code(code, main_globals, None,
  File "/home/cvlab12/anaconda3/envs/lumina_dimoo/lib/python3.10/runpy.py", line 86, in _run_code
    exec(code, run_globals)
  File "/home/cvlab12/anaconda3/envs/lumina_dimoo/lib/python3.10/site-packages/torch/distributed/run.py", line 940, in <module>
    main()
  File "/home/cvlab12/anaconda3/envs/lumina_dimoo/lib/python3.10/site-packages/torch/distributed/elastic/multiprocessing/errors/__init__.py", line 357, in wrapper
    return f(*args, **kwargs)
  File "/home/cvlab12/anaconda3/envs/lumina_dimoo/lib/python3.10/site-packages/torch/distributed/run.py", line 936, in main
    run(args)
  File "/home/cvlab12/anaconda3/envs/lumina_dimoo/lib/python3.10/site-packages/torch/distributed/run.py", line 927, in run
    elastic_launch(
  File "/home/cvlab12/anaconda3/envs/lumina_dimoo/lib/python3.10/site-packages/torch/distributed/launcher/api.py", line 156, in __call__
    return launch_agent(self._config, self._entrypoint, list(args))
  File "/home/cvlab12/anaconda3/envs/lumina_dimoo/lib/python3.10/site-packages/torch/distributed/launcher/api.py", line 293, in launch_agent
    raise ChildFailedError(
torch.distributed.elastic.multiprocessing.errors.ChildFailedError: 
============================================================
train/train_character_profile.py FAILED
------------------------------------------------------------
Failures:
[1]:
  time      : 2026-02-27_03:01:31
  host      : cvlab12
  rank      : 1 (local_rank: 1)
  exitcode  : 2 (pid: 2573444)
  error_file: <N/A>
  traceback : To enable traceback see: https://pytorch.org/docs/stable/elastic/errors.html
------------------------------------------------------------
Root Cause (first observed failure):
[0]:
  time      : 2026-02-27_03:01:31
  host      : cvlab12
  rank      : 0 (local_rank: 0)
  exitcode  : 2 (pid: 2573443)
  error_file: <N/A>
  traceback : To enable traceback see: https://pytorch.org/docs/stable/elastic/errors.html
============================================================
